========================================
24信息;;
时间: 2025/12/28 23:15:04
========================================
[订阅管理] 已加载 4 个订阅

============================================================
开始定向采集 4 只订阅股票
信息源: 4 个
============================================================


--- 09618 京东集团 (HK) ---
[BrowserPool] 初始化浏览器池，大小: 2
[BrowserPool] 初始化完成，可用: 2/2
[富途] 采集 09618 京东集团...
[富途] 09618: 6 条
[格隆汇] 搜索 09618 京东集团...
[格隆汇] 09618: 0 条
[经济通] 采集 09618 京东集团...
[经济通] 09618: 8 条
[AAStocks] 采集 09618 京东集团...
[AAStocks] 09618: 8 条

--- 01810 小米集团 (HK) ---
[富途] 采集 01810 小米集团...
[富途] 01810: 6 条
[格隆汇] 搜索 01810 小米集团...
[格隆汇] 01810: 0 条
[经济通] 采集 01810 小米集团...
[经济通] 01810: 8 条
[AAStocks] 采集 01810 小米集团...
[AAStocks] 01810: 0 条

--- 02128 中国联塑 (HK) ---
[富途] 采集 02128 中国联塑...
[富途] 02128: 5 条
[格隆汇] 搜索 02128 中国联塑...
[格隆汇] 02128: 0 条
[经济通] 采集 02128 中国联塑...
[经济通] 02128: 5 条
[AAStocks] 采集 02128 中国联塑...
[Puppeteer] 访问失败 http://www.aastocks.com/sc/stocks/analysis/stock-aafn/2128: Navigation timeout of 30000 ms exceeded
[Puppeteer] 第 1 次重试: http://www.aastocks.com/sc/stocks/analysis/stock-aafn/2128
[Puppeteer] 访问失败 http://www.aastocks.com/sc/stocks/analysis/stock-aafn/2128: Navigation timeout of 39000 ms exceeded
[Puppeteer] 第 2 次重试: http://www.aastocks.com/sc/stocks/analysis/stock-aafn/2128
[AAStocks] 02128: 8 条

--- 02525 禾赛 (HK) ---
[富途] 采集 02525 禾赛...
[富途] 02525: 6 条
[格隆汇] 搜索 02525 禾赛...
[Puppeteer] 访问失败 https://www.gelonghui.com/search?keyword=%E7%A6%BE%E8%B5%9B: Navigation timeout of 30000 ms exceeded
[Puppeteer] 第 1 次重试: https://www.gelonghui.com/search?keyword=%E7%A6%BE%E8%B5%9B
[格隆汇] 02525: 0 条
[经济通] 采集 02525 禾赛...
[经济通] 02525: 8 条
[AAStocks] 采集 02525 禾赛...
[Puppeteer] 访问失败 http://www.aastocks.com/sc/stocks/analysis/stock-aafn/2525: Navigation timeout of 30000 ms exceeded
[Puppeteer] 第 1 次重试: http://www.aastocks.com/sc/stocks/analysis/stock-aafn/2525
[AAStocks] 02525: 8 条

============================================================
定向采集完成: 共 76 条
============================================================

 ==========
总采集: 76 条
[eval]:20
        byStock[key].push(r);
                     ^

TypeError: Cannot read properties of undefined (reading 'push')
    at [eval]:20:22
    at Array.forEach (<anonymous>)
    at fullTest ([eval]:18:13)

Node.js v20.19.6
